// Jest Snapshot v1, https://goo.gl/fbAQLP

exports[`renders correctly 1`] = `
<div
  className="lg:mx-20 md:mx-auto mx-auto p-16"
>
  <h2
    className="font-atkinson font-bold block text-DarkTeal text-center text-2xl md:text-2xl lg:text-2xl rtl:md:text-3xl  rtl:lg:text-4xl uppercase break-words"
  >
    tickets.heading1
  </h2>
  <p
    className=" uppercase font-atkinson font-bold text-center text-2xl md:text-2xl lg:text-3xl text-black mt-2"
  >
    tickets.heading2
  </p>
  <div
    className="grid  sm:grid-cols-1 md:grid-cols-2 lg:grid-cols-3 gap-7 my-10 "
  />
  <div
    className="font-atkinson mt-24"
  >
    <h2
      className="text-center lg:text-start font-bold block text-3xl md:text-4xl rtl:md:text-3xl  rtl:lg:text-4xl uppercase break-words"
    >
      counselor.heading
    </h2>
    <p
      className="uppercase text-center lg:text-start text-lg md:text-xl text-black/70 my-2"
    >
      counselor.subHeading
    </p>
    <div
      className="bg-white/95 flex flex-col lg:flex-row items-center justify-center text-start  rounded-md  shadow-2xl min-h-[20rem]"
    >
      <div
        className="p-16 space-y-4 lg:p-0 lg:space-y-0 lg:flex lg:flex-col lg:items-center lg:justify-center"
      >
        <span
          className="text-lg p-12 font-atkinson text-black/80"
        >
          counselor.paragraph
        </span>
        <div
          className="flex items-center justify-center "
        >
          <a
            href="/requirements"
            onClick={[Function]}
            onMouseEnter={[Function]}
            onTouchStart={[Function]}
          >
            <div
              className="bg-white border-2 border-Teal flex items-center justify-center text-xl px-4 py-2 font-medium leading-6 text-Teal whitespace-no-wrap rounded-lg shadow-md hover:bg-Teal hover:text-white focus:outline-none hover:cursor-pointer w-48 h-14"
            >
              counselor.learnMore
            </div>
          </a>
        </div>
      </div>
      <img
        className="w-96"
        src="/Images/therapist.jpg"
      />
    </div>
  </div>
</div>
`;
