// Jest Snapshot v1, https://goo.gl/fbAQLP

exports[`renders correctly 1`] = `
<nav
  className="z-50 sticky top-0 bg-white "
  style={Object {}}
>
  <div
    className=" mx-0 md:container md:mx-auto "
  >
    <div
      className="relative justify-between bg-white md:items-center md:flex md:px-8 h-20 "
    >
      <div
        className=""
      >
        <div
          className="flex items-center justify-between py-3 md:py-0 "
        >
          <a
            href="/"
            onClick={[Function]}
            onMouseEnter={[Function]}
            onTouchStart={[Function]}
          >
            <img
              alt="logo"
              data-nimg="1"
              decoding="async"
              height={100}
              loading="lazy"
              onError={[Function]}
              onLoad={[Function]}
              src="/_next/image?url=%2FImages%2Flogo.png&w=256&q=75"
              srcSet="/_next/image?url=%2FImages%2Flogo.png&w=128&q=75 1x, /_next/image?url=%2FImages%2Flogo.png&w=256&q=75 2x"
              style={
                Object {
                  "color": "transparent",
                }
              }
              width={100}
            />
          </a>
          <div
            className="md:hidden flex gap-x-4 items-center"
          >
            <div
              className="flex justify-end space-y-[30px] md:justify-center md:items-center md:flex-col md:space-y-[300px] z-50"
            >
              <div
                className="text-3xl relative"
                onClick={[Function]}
              >
                <svg
                  fill="none"
                  height="1em"
                  stroke="currentColor"
                  strokeLinecap="round"
                  strokeLinejoin="round"
                  strokeWidth="2"
                  style={
                    Object {
                      "color": undefined,
                    }
                  }
                  viewBox="0 0 24 24"
                  width="1em"
                  xmlns="http://www.w3.org/2000/svg"
                >
                  <path
                    d="M0 0h24v24H0z"
                    fill="none"
                    stroke="none"
                  />
                  <path
                    d="M12 12m-9 0a9 9 0 1 0 18 0a9 9 0 1 0 -18 0"
                  />
                  <path
                    d="M12 10m-3 0a3 3 0 1 0 6 0a3 3 0 1 0 -6 0"
                  />
                  <path
                    d="M6.168 18.849a4 4 0 0 1 3.832 -2.849h4a4 4 0 0 1 3.834 2.855"
                  />
                </svg>
              </div>
              <div
                className="absolute "
              />
            </div>
            <button
              className="p-2 text-gray-700 rounded-md outline-none focus:border-gray-400 focus:border"
              onClick={[Function]}
            >
              <svg
                aria-hidden="true"
                className="text-3xl text-black p-0 m-0"
                fill="currentColor"
                height="1em"
                stroke="currentColor"
                strokeWidth="0"
                style={
                  Object {
                    "color": undefined,
                  }
                }
                viewBox="0 0 20 20"
                width="1em"
                xmlns="http://www.w3.org/2000/svg"
              >
                <path
                  clipRule="evenodd"
                  d="M3 5a1 1 0 011-1h12a1 1 0 110 2H4a1 1 0 01-1-1zM3 10a1 1 0 011-1h12a1 1 0 110 2H4a1 1 0 01-1-1zM3 15a1 1 0 011-1h12a1 1 0 110 2H4a1 1 0 01-1-1z"
                  fillRule="evenodd"
                />
              </svg>
            </button>
          </div>
        </div>
      </div>
      <div>
        <div
          className="md:block hidden"
        >
          <ul
            className="bg-white h-screen md:mt-0 md:h-auto space-y-2 md:space-y-0 md:space-x-10  items-center md:justify-center md:flex justify-start md:items-center flex-col flex md:flex-row pt-10 md:pt-0"
          >
            <li
              className="block text-DarkTeal font-atkinson text-lg text-center py-2 rounded-full w-48 mx-auto border border-gray-200 hover:bg-gray-50 hover:text-Teal md:border-0 md:border-b-[#1E4445] md:hover:bg-white md:rounded-none md:py-0 md:w-auto  md:hover:border-b md:hover:text-Teal  "
            >
              <a
                href="/"
                onClick={[Function]}
                onMouseEnter={[Function]}
                onTouchStart={[Function]}
              >
                navbar.home
              </a>
            </li>
            <li
              className="block text-DarkTeal font-atkinson text-lg text-center py-2 rounded-full w-48 mx-auto border border-gray-200 hover:bg-gray-50 hover:text-Teal md:border-0 md:border-b-[#1E4445] md:hover:bg-white md:rounded-none md:py-0 md:w-auto md:hover:border-b md:hover:text-Teal"
            >
              <a
                href="/blogs"
                onClick={[Function]}
                onMouseEnter={[Function]}
                onTouchStart={[Function]}
              >
                navbar.blogs
              </a>
            </li>
            <li
              className="block text-DarkTeal font-atkinson text-lg text-center md:text-start py-2 rounded-full w-48 mx-auto border border-gray-200 hover:bg-gray-50 hover:text-Teal md:border-0 md:border-b-[#1E4445] md:hover:bg-white md:rounded-none md:py-0 md:w-auto md:hover:border-b md:hover:text-Teal "
            >
              <div
                className="group inline-block relative flex justify-center items-center flex-col space-y-[180px] "
              >
                <button
                  className="block flex justify-center items-center "
                >
                  navbar.about
                   
                  <svg
                    className="text-xl"
                    fill="currentColor"
                    height="1em"
                    stroke="currentColor"
                    strokeWidth="0"
                    style={
                      Object {
                        "color": undefined,
                      }
                    }
                    viewBox="0 0 24 24"
                    width="1em"
                    xmlns="http://www.w3.org/2000/svg"
                  >
                    <path
                      d="M0 0h24v24H0z"
                      fill="none"
                    />
                    <path
                      d="M7 10l5 5 5-5z"
                    />
                  </svg>
                </button>
                <div
                  className="absolute hidden bg-white z-50 group-hover:block "
                >
                  <div
                    className="md:w-36 w-48 bg-white font-atkinson border p-2 shadow-md rounded-lg "
                  >
                    <ul
                      className="py-2 first:pt-0 z-60 last:pb-0"
                    >
                      <a
                        href="/about-us"
                        onClick={[Function]}
                        onMouseEnter={[Function]}
                        onTouchStart={[Function]}
                      >
                        <li
                          className=" py-2 px-3 rounded-lg text-lg text-gray-800 hover:bg-gray-100 focus:outline-none focus:bg-gray-100 dark:text-gray-400 dark:hover:bg-gray-700 dark:hover:text-gray-300 dark:focus:bg-gray-700"
                          href="#"
                        >
                          navbar.aboutUs
                        </li>
                      </a>
                      <a
                        href="/team"
                        onClick={[Function]}
                        onMouseEnter={[Function]}
                        onTouchStart={[Function]}
                      >
                        <li
                          className=" py-2 px-3 rounded-lg text-lg text-gray-800 hover:bg-gray-100 focus:outline-none focus:bg-gray-100 dark:text-gray-400 dark:hover:bg-gray-700 dark:hover:text-gray-300 dark:focus:bg-gray-700"
                          href="#"
                        >
                          navbar.team
                        </li>
                      </a>
                      <a
                        href="/careers"
                        onClick={[Function]}
                        onMouseEnter={[Function]}
                        onTouchStart={[Function]}
                      >
                        <li
                          className=" py-2 px-3 rounded-lg text-lg text-gray-800 hover:bg-gray-100 focus:outline-none focus:bg-gray-100 dark:text-gray-400 dark:hover:bg-gray-700 dark:hover:text-gray-300 dark:focus:bg-gray-700"
                          href="#"
                        >
                          navbar.careers
                        </li>
                      </a>
                    </ul>
                  </div>
                </div>
              </div>
            </li>
            <li
              className="block text-DarkTeal font-atkinson text-lg text-center py-2 rounded-full w-48 mx-auto border border-gray-200 hover:bg-gray-50 hover:text-Teal md:border-0 md:border-b-[#1E4445] md:hover:bg-white md:rounded-none md:py-0 md:w-auto md:hover:border-b md:hover:text-Teal"
            >
              <a
                href="/contact"
                onClick={[Function]}
                onMouseEnter={[Function]}
                onTouchStart={[Function]}
              >
                navbar.contact
              </a>
            </li>
            <div
              className="hidden md:flex justify-center items-center flex-col space-y-[300px] z-50"
            >
              <div
                className="text-3xl relative"
                onClick={[Function]}
              >
                <img
                  alt="Profile"
                  className="w-8 object-cover h-8 rounded-full"
                />
              </div>
              <div
                className="absolute outline-none"
              />
            </div>
            <li
              className="hidden md:flex"
            >
              <div
                className="group inline-block relative flex justify-center items-center flex-col space-y-[150px] z-50"
              >
                <button
                  className="flex items-center justify-center mt-2 text-xl py-2 w-20 mx-auto md:w-auto "
                >
                  <svg
                    fill="currentColor"
                    height="1em"
                    stroke="currentColor"
                    strokeWidth="0"
                    style={
                      Object {
                        "color": undefined,
                      }
                    }
                    viewBox="0 0 512 512"
                    width="1em"
                    xmlns="http://www.w3.org/2000/svg"
                  >
                    <path
                      d="M478.33 433.6l-90-218a22 22 0 00-40.67 0l-90 218a22 22 0 1040.67 16.79L316.66 406h102.67l18.33 44.39A22 22 0 00458 464a22 22 0 0020.32-30.4zM334.83 362L368 281.65 401.17 362zm-66.99-19.08a22 22 0 00-4.89-30.7c-.2-.15-15-11.13-36.49-34.73 39.65-53.68 62.11-114.75 71.27-143.49H330a22 22 0 000-44H214V70a22 22 0 00-44 0v20H54a22 22 0 000 44h197.25c-9.52 26.95-27.05 69.5-53.79 108.36-31.41-41.68-43.08-68.65-43.17-68.87a22 22 0 00-40.58 17c.58 1.38 14.55 34.23 52.86 83.93.92 1.19 1.83 2.35 2.74 3.51-39.24 44.35-77.74 71.86-93.85 80.74a22 22 0 1021.07 38.63c2.16-1.18 48.6-26.89 101.63-85.59 22.52 24.08 38 35.44 38.93 36.1a22 22 0 0030.75-4.9z"
                    />
                  </svg>
                </button>
                <div
                  className="absolute hidden group-hover:block"
                >
                  <div
                    className="w-48 md:w-32 bg-white font-atkinson border bg-grey p-2 shadow-md rounded-lg"
                  >
                    <ul
                      className="py-2 first:pt-0  last:pb-0"
                    >
                      <a
                        href="#"
                        onClick={[Function]}
                        onMouseEnter={[Function]}
                        onTouchStart={[Function]}
                      >
                        <li
                          className=" py-2 px-3 rounded-lg text-lg text-gray-800 hover:bg-gray-100 focus:outline-none focus:bg-gray-100 dark:text-gray-400 dark:hover:bg-gray-700 dark:hover:text-gray-300 dark:focus:bg-gray-700"
                          href="#"
                        >
                          English
                        </li>
                      </a>
                      <a
                        href="#"
                        onClick={[Function]}
                        onMouseEnter={[Function]}
                        onTouchStart={[Function]}
                      >
                        <li
                          className=" py-2 px-3 rounded-lg text-lg text-gray-800 hover:bg-gray-100 focus:outline-none focus:bg-gray-100 dark:text-gray-400 dark:hover:bg-gray-700 dark:hover:text-gray-300 dark:focus:bg-gray-700"
                          href="#"
                        >
                          العربية
                        </li>
                      </a>
                    </ul>
                  </div>
                </div>
              </div>
            </li>
            <li
              className="md:hidden block text-DarkTeal font-atkinson text-lg text-center py-2 rounded-full w-48 mx-auto border border-gray-200 hover:bg-gray-50 hover:text-Teal md:border-0 md:border-b-[#1E4445] md:hover:bg-white md:rounded-none md:py-0 md:w-auto md:hover:border-b md:hover:text-Teal"
            >
              <div
                className="group  relative flex justify-center items-center flex-col space-y-[135px] md:space-y-[150px] "
              >
                <button
                  className=" md:block "
                >
                  navbar.language
                </button>
                <div
                  className="absolute hidden group-hover:block"
                >
                  <div
                    className="w-48 md:w-32 bg-white font-atkinson border bg-grey p-2 shadow-md rounded-lg"
                  >
                    <ul
                      className="py-2 first:pt-0  last:pb-0"
                    >
                      <a
                        href="#"
                        onClick={[Function]}
                        onMouseEnter={[Function]}
                        onTouchStart={[Function]}
                      >
                        <li
                          className=" py-2 px-3 rounded-lg text-lg text-gray-800 hover:bg-gray-100 focus:outline-none focus:bg-gray-100 dark:text-gray-400 dark:hover:bg-gray-700 dark:hover:text-gray-300 dark:focus:bg-gray-700"
                          href="#"
                        >
                          English
                        </li>
                      </a>
                      <a
                        href="#"
                        onClick={[Function]}
                        onMouseEnter={[Function]}
                        onTouchStart={[Function]}
                      >
                        <li
                          className=" py-2 px-3 rounded-lg text-lg text-gray-800 hover:bg-gray-100 focus:outline-none focus:bg-gray-100 dark:text-gray-400 dark:hover:bg-gray-700 dark:hover:text-gray-300 dark:focus:bg-gray-700"
                          href="#"
                        >
                          العربية
                        </li>
                      </a>
                    </ul>
                  </div>
                </div>
              </div>
            </li>
          </ul>
        </div>
      </div>
    </div>
  </div>
</nav>
`;
