// Jest Snapshot v1, https://goo.gl/fbAQLP

exports[`renders correctly 1`] = `
<div
  className="group mx-3 overflow-hidden  aspect-video cursor-auto rounded-md relative group my-1"
>
  <div
    className="group-hover:cursor-pointer h-full z-50 opacity-90 group-hover:opacity-100 transition duration-300 ease-in-out cursor-auto absolute from-teal-950 to-transparent/5 bg-gradient-to-t inset-x-0   text-white flex items-end"
  >
    <div>
      <div
        className="transform-gpu p-4 space-y-0 text-lg group-hover:opacity-100 group-hover:translate-y-0 translate-y-3 pb-8  transition duration-300 ease-in-out"
      >
        <div
          className="font-semibold text-lg md:textxl"
        />
        <div
          className=" text-sm  text-white "
        >
          <p
            className=" line-clamp-1"
          />
          <a
            className="underline flex justify-end mr-5 mt-2 text-teal-100 hover:text-teal-400 group-hover:animate-bounce text-base"
            href=""
            onClick={[Function]}
            onMouseEnter={[Function]}
            onTouchStart={[Function]}
          >
            blogs.more
          </a>
        </div>
      </div>
    </div>
  </div>
  <img
    className="object-cover w-full aspect-square group-hover:scale-110 transition duration-300 ease-in-out"
    data-nimg="1"
    decoding="async"
    height={200}
    onError={[Function]}
    onLoad={[Function]}
    src=""
    style={
      Object {
        "color": "transparent",
      }
    }
    width={300}
  />
</div>
`;
