// Jest Snapshot v1, https://goo.gl/fbAQLP

exports[`renders correctly 1`] = `
<div>
  <div
    className="block lg:grid lg:grid-cols-6 lg:gap-7"
  >
    <div
      className="col-span-5"
    >
      <a
        href="/contact"
        onClick={[Function]}
        onMouseEnter={[Function]}
        onTouchStart={[Function]}
      >
        <p
          className="text-xl lg:text-2xl text-Teal hover:underline hover:cursor-pointer"
        />
      </a>
      <p
        className="text-lg lg:text-xl text-Gray hidden lg:block"
      />
    </div>
    <div>
      <p
        className="text-xl lg:text-2xl text-Teal hidden lg:block"
      />
      <p
        className="text-lg lg:text-xl text-Gray"
      />
    </div>
  </div>
  <hr
    className="h-px mt-5 mb-2 bg-Gray border-0 dark:bg-gray-700"
  />
</div>
`;
