// Jest Snapshot v1, https://goo.gl/fbAQLP

exports[`renders correctly 1`] = `
<div
  className="md:w-36 w-96 bg-white font-atkinson border p-2 shadow-md rounded-lg "
>
  <ul
    className="py-2 first:pt-0 z-60 last:pb-0"
  >
    <a
      href="/about-us"
      onClick={[Function]}
      onMouseEnter={[Function]}
      onTouchStart={[Function]}
    >
      <li
        className=" py-2 px-3 rounded-lg text-lg text-gray-800 hover:bg-gray-100 focus:outline-none focus:bg-gray-100 dark:text-gray-400 dark:hover:bg-gray-700 dark:hover:text-gray-300 dark:focus:bg-gray-700"
        href="#"
      >
        navbar.aboutUs
      </li>
    </a>
    <a
      href="/team"
      onClick={[Function]}
      onMouseEnter={[Function]}
      onTouchStart={[Function]}
    >
      <li
        className=" py-2 px-3 rounded-lg text-lg text-gray-800 hover:bg-gray-100 focus:outline-none focus:bg-gray-100 dark:text-gray-400 dark:hover:bg-gray-700 dark:hover:text-gray-300 dark:focus:bg-gray-700"
        href="#"
      >
        navbar.team
      </li>
    </a>
    <a
      href="/careers"
      onClick={[Function]}
      onMouseEnter={[Function]}
      onTouchStart={[Function]}
    >
      <li
        className=" py-2 px-3 rounded-lg text-lg text-gray-800 hover:bg-gray-100 focus:outline-none focus:bg-gray-100 dark:text-gray-400 dark:hover:bg-gray-700 dark:hover:text-gray-300 dark:focus:bg-gray-700"
        href="#"
      >
        navbar.careers
      </li>
    </a>
  </ul>
</div>
`;
