// Jest Snapshot v1, https://goo.gl/fbAQLP

exports[`renders correctly 1`] = `
<div
  className="w-64 bg-white font-atkinson border bg-grey p-2 shadow-md rounded-lg"
>
  <div
    className="flex flex-col text-center mb-2 space-y-4 justify-center items-center"
  >
    <svg
      className="w-10 h-10 text-gray-500"
      fill="currentColor"
      height="1em"
      stroke="currentColor"
      strokeWidth="0"
      style={
        Object {
          "color": undefined,
        }
      }
      viewBox="0 0 448 512"
      width="1em"
      xmlns="http://www.w3.org/2000/svg"
    >
      <path
        d="M313.6 304c-28.7 0-42.5 16-89.6 16-47.1 0-60.8-16-89.6-16C60.2 304 0 364.2 0 438.4V464c0 26.5 21.5 48 48 48h352c26.5 0 48-21.5 48-48v-25.6c0-74.2-60.2-134.4-134.4-134.4zM400 464H48v-25.6c0-47.6 38.8-86.4 86.4-86.4 14.6 0 38.3 16 89.6 16 51.7 0 74.9-16 89.6-16 47.6 0 86.4 38.8 86.4 86.4V464zM224 288c79.5 0 144-64.5 144-144S303.5 0 224 0 80 64.5 80 144s64.5 144 144 144zm0-240c52.9 0 96 43.1 96 96s-43.1 96-96 96-96-43.1-96-96 43.1-96 96-96z"
      />
    </svg>
    <div>
      <p
        className="text-lg"
      />
      <p
        className="text-sm text-gray-500"
      />
    </div>
  </div>
  <hr />
  <div
    class="py-2 first:pt-0 last:pb-0"
  >
    <a
      className="flex items-center gap-x-3.5 py-2 px-3 rounded-lg text-sm text-gray-800 hover:bg-gray-100 focus:outline-none focus:bg-gray-100 dark:text-gray-400 dark:hover:bg-gray-700 dark:hover:text-gray-300 dark:focus:bg-gray-700"
      href="/dashboard"
      onClick={[Function]}
      onMouseEnter={[Function]}
      onTouchStart={[Function]}
    >
      <svg
        fill="currentColor"
        height="1em"
        stroke="currentColor"
        strokeWidth="0"
        style={
          Object {
            "color": undefined,
          }
        }
        viewBox="0 0 448 512"
        width="1em"
        xmlns="http://www.w3.org/2000/svg"
      >
        <path
          d="M313.6 304c-28.7 0-42.5 16-89.6 16-47.1 0-60.8-16-89.6-16C60.2 304 0 364.2 0 438.4V464c0 26.5 21.5 48 48 48h352c26.5 0 48-21.5 48-48v-25.6c0-74.2-60.2-134.4-134.4-134.4zM400 464H48v-25.6c0-47.6 38.8-86.4 86.4-86.4 14.6 0 38.3 16 89.6 16 51.7 0 74.9-16 89.6-16 47.6 0 86.4 38.8 86.4 86.4V464zM224 288c79.5 0 144-64.5 144-144S303.5 0 224 0 80 64.5 80 144s64.5 144 144 144zm0-240c52.9 0 96 43.1 96 96s-43.1 96-96 96-96-43.1-96-96 43.1-96 96-96z"
        />
      </svg>
      navbar.dashboard
    </a>
  </div>
  <hr />
  <ul
    className="py-2 first:pt-0 last:pb-0"
  >
    <a
      href="/profile"
      onClick={[Function]}
      onMouseEnter={[Function]}
      onTouchStart={[Function]}
    >
      <li
        className="flex items-center gap-x-3.5 py-2 px-3 rounded-lg text-sm text-gray-800 hover:bg-gray-100 focus:outline-none focus:bg-gray-100 dark:text-gray-400 dark:hover:bg-gray-700 dark:hover:text-gray-300 dark:focus:bg-gray-700"
      >
        <svg
          fill="currentColor"
          height="1em"
          stroke="currentColor"
          strokeWidth="0"
          style={
            Object {
              "color": undefined,
            }
          }
          viewBox="0 0 512 512"
          width="1em"
          xmlns="http://www.w3.org/2000/svg"
        >
          <path
            d="M262.29 192.31a64 64 0 1057.4 57.4 64.13 64.13 0 00-57.4-57.4zM416.39 256a154.34 154.34 0 01-1.53 20.79l45.21 35.46a10.81 10.81 0 012.45 13.75l-42.77 74a10.81 10.81 0 01-13.14 4.59l-44.9-18.08a16.11 16.11 0 00-15.17 1.75A164.48 164.48 0 01325 400.8a15.94 15.94 0 00-8.82 12.14l-6.73 47.89a11.08 11.08 0 01-10.68 9.17h-85.54a11.11 11.11 0 01-10.69-8.87l-6.72-47.82a16.07 16.07 0 00-9-12.22 155.3 155.3 0 01-21.46-12.57 16 16 0 00-15.11-1.71l-44.89 18.07a10.81 10.81 0 01-13.14-4.58l-42.77-74a10.8 10.8 0 012.45-13.75l38.21-30a16.05 16.05 0 006-14.08c-.36-4.17-.58-8.33-.58-12.5s.21-8.27.58-12.35a16 16 0 00-6.07-13.94l-38.19-30A10.81 10.81 0 0149.48 186l42.77-74a10.81 10.81 0 0113.14-4.59l44.9 18.08a16.11 16.11 0 0015.17-1.75A164.48 164.48 0 01187 111.2a15.94 15.94 0 008.82-12.14l6.73-47.89A11.08 11.08 0 01213.23 42h85.54a11.11 11.11 0 0110.69 8.87l6.72 47.82a16.07 16.07 0 009 12.22 155.3 155.3 0 0121.46 12.57 16 16 0 0015.11 1.71l44.89-18.07a10.81 10.81 0 0113.14 4.58l42.77 74a10.8 10.8 0 01-2.45 13.75l-38.21 30a16.05 16.05 0 00-6.05 14.08c.33 4.14.55 8.3.55 12.47z"
            fill="none"
            strokeLinecap="round"
            strokeLinejoin="round"
            strokeWidth="32"
          />
        </svg>
        navbar.account
      </li>
    </a>
    <li
      className="cursor-pointer flex items-center gap-x-3.5 py-2 px-3 rounded-lg text-sm text-gray-800 hover:bg-gray-100 focus:outline-none focus:bg-gray-100 dark:text-gray-400 dark:hover:bg-gray-700 dark:hover:text-gray-300 dark:focus:bg-gray-700"
      onClick={[Function]}
    >
      <svg
        fill="currentColor"
        height="1em"
        stroke="currentColor"
        strokeWidth="0"
        style={
          Object {
            "color": undefined,
          }
        }
        viewBox="0 0 512 512"
        width="1em"
        xmlns="http://www.w3.org/2000/svg"
      >
        <path
          d="M312 372c-7.7 0-14 6.3-14 14 0 9.9-8.1 18-18 18H94c-9.9 0-18-8.1-18-18V126c0-9.9 8.1-18 18-18h186c9.9 0 18 8.1 18 18 0 7.7 6.3 14 14 14s14-6.3 14-14c0-25.4-20.6-46-46-46H94c-25.4 0-46 20.6-46 46v260c0 25.4 20.6 46 46 46h186c25.4 0 46-20.6 46-46 0-7.7-6.3-14-14-14z"
        />
        <path
          d="M372.9 158.1c-2.6-2.6-6.1-4.1-9.9-4.1-3.7 0-7.3 1.4-9.9 4.1-5.5 5.5-5.5 14.3 0 19.8l65.2 64.2H162c-7.7 0-14 6.3-14 14s6.3 14 14 14h256.6L355 334.2c-5.4 5.4-5.4 14.3 0 19.8l.1.1c2.7 2.5 6.2 3.9 9.8 3.9 3.8 0 7.3-1.4 9.9-4.1l82.6-82.4c4.3-4.3 6.5-9.3 6.5-14.7 0-5.3-2.3-10.3-6.5-14.5l-84.5-84.2z"
        />
      </svg>
      navbar.signout
    </li>
  </ul>
</div>
`;
