// Jest Snapshot v1, https://goo.gl/fbAQLP

exports[`renders correctly 1`] = `
<div
  className="font-atkinson p-2"
>
  <h1
    className="text-2xl md:text-4xl font-bold bg-Teal p-4 md:p-6  w-full text-white uppercase rounded-lg tracking-wider "
  >
    therapists.heading
  </h1>
  <ul
    className="flex flex-col gap-y-8 lg:m-4"
  />
</div>
`;
