// Jest Snapshot v1, https://goo.gl/fbAQLP

exports[`renders correctly 1`] = `
<div
  className="p-4"
>
  <p>
    Welcome therapist
  </p>
  <ul />
</div>
`;
