// Jest Snapshot v1, https://goo.gl/fbAQLP

exports[`renders correctly 1`] = `
<div
  className="flex items-center pl-3"
>
  <input
    className="lg:w-4 lg:h-4 text-blue-600 bg-gray-100 border-gray-300 focus:ring-blue-500 focus:ring-2"
    id="maleCounselor"
    type="checkbox"
  />
  <label
    className="w-full py-1 ml-2 rtl:pr-2"
    htmlFor="maleCounselor"
  />
</div>
`;
