// Jest Snapshot v1, https://goo.gl/fbAQLP

exports[`renders correctly 1`] = `
Array [
  <div
    className="flex justify-between items-center"
  >
    <label
      className="block text-md font-medium leading-6 text-gray-900"
    />
  </div>,
  <input
    className="border border-gray-300 h-12 w-undefined pl-4 rounded-md p-2 focus:outline-none focus:border-Teal focus:ring-Teal invalid:border-red-500 invalid:text-red-500 peer"
  />,
  <p
    className="text-sm text-red-500"
  />,
]
`;
