// Jest Snapshot v1, https://goo.gl/fbAQLP

exports[`renders correctly 1`] = `
<div>
  <label
    className="cursor-pointer"
  >
    <input
      className="peer sr-only"
      type="radio"
    />
    <div
      className="lg:w-undefined max-w-xl rounded-md bg-SkyBlue p-5  hover:bg-LightTeal hover:text-black hover:ring-Teal peer-checked:bg-Teal peer-checked:text-white text-Gray ring-2 ring-transparent transition-all hover:shadow peer-checked:ring-blue-400 peer-checked:ring-offset-2"
    >
      <div
        className=" gap-1"
      >
        <div
          className="flex items-center justify-between"
        >
          <p
            className="lg:text-xl font-atkinson uppercase"
          />
        </div>
      </div>
    </div>
  </label>
</div>
`;
